Using CPython 3.11.16 interpreter at: .venv\Scripts\python.exe
Creating virtual environment at: artifacts\milestone6-cpu-reproduction-v2\environment
Resolved 46 packages in 1ms
Installed 46 packages in 1.70s
 + annotated-doc==0.0.5
 + annotated-types==0.8.0
 + anyio==4.15.1
 + click==8.5.0
 + cloudpickle==3.1.2
 + colorama==0.4.6
 + contourpy==1.3.3
 + customer-request-triage==0.1.0 (from file:///C:/Users/gangw/Documents/Projects/slm-customer-triage)
 + cycler==0.12.1
 + fastapi==0.141.1
 + fonttools==4.66.0
 + h11==0.16.0
 + httpcore2==2.13.1
 + httpx2==2.13.1
 + idna==3.20
 + iniconfig==2.3.0
 + joblib==1.6.0
 + kiwisolver==1.5.1
 + librt==0.15.0
 + matplotlib==3.11.2
 + mypy==1.20.2
 + mypy-extensions==1.1.0
 + narwhals==2.26.0
 + numpy==2.4.6
 + packaging==26.3
 + pathspec==1.1.1
 + pillow==12.3.0
 + pluggy==1.6.0
 + pydantic==2.13.5
 + pydantic-core==2.46.5
 + pygments==2.21.0
 + pyparsing==3.3.3
 + pytest==9.1.1
 + python-dateutil==2.9.0.post0
 + pyyaml==6.0.3
 + ruff==0.16.9
 + scikit-learn==1.9.1
 + scipy==1.17.1
 + six==1.17.0
 + starlette==1.7.0
 + threadpoolctl==3.7.0
 + truststore==0.10.4
 + types-pyyaml==6.0.12.20260906
 + typing-extensions==4.16.0
 + typing-inspection==0.4.4
 + uvicorn==0.54.0
