#0 building with "desktop-linux" instance using docker driver

#1 [internal] load build definition from Dockerfile.gpu
#1 transferring dockerfile: 768B 0.0s done
#1 DONE 0.0s

#2 [internal] load metadata for docker.io/library/python:3.11.16-slim@sha256:e41613d42d4891e4930f79523f93f81bbc7632584ec65e36ab055f41a800b41e
#2 DONE 0.0s

#3 [internal] load .dockerignore
#3 transferring context: 159B done
#3 DONE 0.0s

#4 [ 1/10] FROM docker.io/library/python:3.11.16-slim@sha256:e41613d42d4891e4930f79523f93f81bbc7632584ec65e36ab055f41a800b41e
#4 resolve docker.io/library/python:3.11.16-slim@sha256:e41613d42d4891e4930f79523f93f81bbc7632584ec65e36ab055f41a800b41e 0.0s done
#4 DONE 0.0s

#5 [internal] load build context
#5 transferring context: 188.50kB 0.0s done
#5 DONE 0.0s

#6 [ 4/10] COPY pyproject.toml uv.lock ./
#6 CACHED

#7 [ 3/10] RUN pip install --no-cache-dir uv==0.12.19
#7 CACHED

#8 [ 2/10] WORKDIR /app
#8 CACHED

#9 [ 5/10] COPY src ./src
#9 CACHED

#10 [ 6/10] COPY environments/training/pyproject.toml environments/training/uv.lock ./environments/training/
#10 DONE 0.0s

#11 [ 7/10] RUN uv sync --locked --project environments/training --no-editable
#11 0.344 Using CPython 3.11.16 interpreter at: /usr/local/bin/python3
#11 0.344 Creating virtual environment at: environments/training/.venv
#11 0.353 Resolved 91 packages in 1ms
#11 0.431    Building customer-request-triage @ file:///app
#11 0.544 Downloading matplotlib (9.4MiB)
#11 0.545 Downloading networkx (2.0MiB)
#11 0.545 Downloading pydantic-core (2.0MiB)
#11 0.559 Downloading pillow (6.6MiB)
#11 0.559 Downloading numpy (16.1MiB)
#11 0.561 Downloading kiwisolver (1.4MiB)
#11 0.561 Downloading pandas (10.6MiB)
#11 0.562 Downloading sympy (6.0MiB)
#11 0.562 Downloading aiohttp (1.7MiB)
#11 0.563 Downloading scipy (33.7MiB)
#11 0.564 Downloading scikit-learn (8.9MiB)
#11 0.565 Downloading transformers (11.4MiB)
#11 0.566 Downloading torch (848.0MiB)
#11 0.600 Downloading pyarrow (47.7MiB)
#11 0.601 Downloading nvidia-nccl-cu12 (307.4MiB)
#11 0.602 Downloading tokenizers (3.1MiB)
#11 0.602 Downloading bitsandbytes (41.1MiB)
#11 0.604 Downloading nvidia-cufile-cu12 (1.1MiB)
#11 0.604 Downloading nvidia-curand-cu12 (60.7MiB)
#11 0.605 Downloading hf-xet (4.3MiB)
#11 0.606 Downloading nvidia-cusparselt-cu12 (273.9MiB)
#11 0.607 Downloading nvidia-cudnn-cu12 (674.0MiB)
#11 0.608 Downloading fonttools (5.2MiB)
#11 0.609 Downloading nvidia-cusolver-cu12 (255.1MiB)
#11 0.613 Downloading nvidia-cufft-cu12 (184.2MiB)
#11 0.614 Downloading nvidia-cusparse-cu12 (274.9MiB)
#11 0.614 Downloading triton (148.3MiB)
#11 0.616 Downloading nvidia-cublas-cu12 (566.8MiB)
#11 0.616 Downloading nvidia-nvjitlink-cu12 (37.4MiB)
#11 0.617 Downloading nvidia-cuda-cupti-cu12 (9.8MiB)
#11 0.618 Downloading nvidia-cuda-nvrtc-cu12 (84.0MiB)
#11 81.96  Downloaded torch
#11 84.05       Built customer-request-triage @ file:///app
#11 85.30  Downloaded nvidia-cufile-cu12
#11 86.16  Downloaded kiwisolver
#11 87.57  Downloaded aiohttp
#11 88.40  Downloaded pydantic-core
#11 88.52  Downloaded networkx
#11 92.62  Downloaded tokenizers
#11 96.40  Downloaded hf-xet
#11 99.42  Downloaded fonttools
#11 101.8  Downloaded sympy
#11 103.3  Downloaded pillow
#11 109.2  Downloaded scikit-learn
#11 110.6  Downloaded matplotlib
#11 111.9  Downloaded nvidia-cuda-cupti-cu12
#11 113.3  Downloaded pandas
#11 115.4  Downloaded transformers
#11 124.9  Downloaded numpy
#11 158.2  Downloaded scipy
#11 164.2  Downloaded nvidia-nvjitlink-cu12
#11 169.9  Downloaded bitsandbytes
#11 181.1  Downloaded pyarrow
#11 198.0  Downloaded nvidia-curand-cu12
#11 225.5  Downloaded nvidia-cuda-nvrtc-cu12
#11 298.7  Downloaded triton
#11 334.0  Downloaded nvidia-cufft-cu12
#11 393.1  Downloaded nvidia-cusolver-cu12
#11 407.5  Downloaded nvidia-cusparse-cu12
#11 408.1  Downloaded nvidia-cusparselt-cu12
#11 421.8  Downloaded nvidia-nccl-cu12
#11 491.3  Downloaded nvidia-cublas-cu12
#11 505.8  Downloaded nvidia-cudnn-cu12
#11 505.8 Prepared 88 packages in 8m 25s
#11 506.4 Installed 88 packages in 616ms
#11 506.4  + accelerate==1.15.0
#11 506.4  + aiohappyeyeballs==2.7.1
#11 506.4  + aiohttp==3.14.3
#11 506.4  + aiosignal==1.4.0
#11 506.4  + annotated-doc==0.0.5
#11 506.4  + annotated-types==0.8.0
#11 506.4  + anyio==4.15.1
#11 506.4  + attrs==26.1.0
#11 506.4  + bitsandbytes==0.50.2
#11 506.4  + certifi==2026.7.22
#11 506.4  + charset-normalizer==3.5.1
#11 506.4  + click==8.5.0
#11 506.4  + cloudpickle==3.1.2
#11 506.4  + contourpy==1.3.3
#11 506.4  + customer-request-triage==0.1.0 (from file:///app)
#11 506.4  + cycler==0.12.1
#11 506.4  + datasets==5.0.1
#11 506.4  + dill==0.4.1
#11 506.4  + fastapi==0.141.1
#11 506.4  + filelock==4.0.4
#11 506.4  + fonttools==4.66.0
#11 506.4  + frozenlist==1.8.0
#11 506.4  + fsspec==2026.6.0
#11 506.4  + h11==0.16.0
#11 506.4  + hf-xet==1.6.0
#11 506.4  + httpcore==1.0.9
#11 506.4  + httpx==0.28.1
#11 506.4  + huggingface-hub==0.36.2
#11 506.4  + idna==3.20
#11 506.4  + jinja2==3.1.6
#11 506.4  + joblib==1.6.0
#11 506.4  + kiwisolver==1.5.1
#11 506.4  + markupsafe==3.0.3
#11 506.4  + matplotlib==3.11.2
#11 506.4  + mpmath==1.3.0
#11 506.4  + multidict==6.9.1
#11 506.4  + multiprocess==0.70.19
#11 506.4  + narwhals==2.26.0
#11 506.4  + networkx==3.6.1
#11 506.4  + numpy==2.4.6
#11 506.4  + nvidia-cublas-cu12==12.8.4.1
#11 506.4  + nvidia-cuda-cupti-cu12==12.8.90
#11 506.4  + nvidia-cuda-nvrtc-cu12==12.8.93
#11 506.4  + nvidia-cuda-runtime-cu12==12.8.90
#11 506.4  + nvidia-cudnn-cu12==9.10.2.21
#11 506.4  + nvidia-cufft-cu12==11.3.3.83
#11 506.4  + nvidia-cufile-cu12==1.13.1.3
#11 506.4  + nvidia-curand-cu12==10.3.9.90
#11 506.4  + nvidia-cusolver-cu12==11.7.3.90
#11 506.4  + nvidia-cusparse-cu12==12.5.8.93
#11 506.4  + nvidia-cusparselt-cu12==0.7.1
#11 506.4  + nvidia-nccl-cu12==2.27.3
#11 506.4  + nvidia-nvjitlink-cu12==12.8.93
#11 506.4  + nvidia-nvtx-cu12==12.8.90
#11 506.4  + packaging==26.3
#11 506.4  + pandas==3.0.6
#11 506.4  + peft==0.17.1
#11 506.4  + pillow==12.3.0
#11 506.4  + propcache==0.5.4
#11 506.4  + psutil==7.2.2
#11 506.4  + pyarrow==25.0.1
#11 506.4  + pydantic==2.13.5
#11 506.4  + pydantic-core==2.46.5
#11 506.4  + pyparsing==3.3.3
#11 506.4  + python-dateutil==2.9.0.post0
#11 506.4  + pyyaml==6.0.3
#11 506.4  + regex==2026.9.10
#11 506.4  + requests==2.34.2
#11 506.4  + safetensors==0.8.0
#11 506.4  + scikit-learn==1.9.1
#11 506.4  + scipy==1.17.1
#11 506.4  + setuptools==84.0.0
#11 506.4  + six==1.17.0
#11 506.4  + starlette==1.7.0
#11 506.4  + sympy==1.14.0
#11 506.4  + threadpoolctl==3.7.0
#11 506.4  + tokenizers==0.22.2
#11 506.4  + torch==2.8.0+cu128
#11 506.4  + tqdm==4.70.1
#11 506.4  + transformers==4.57.6
#11 506.4  + triton==3.4.0
#11 506.4  + trl==0.24.0
#11 506.4  + typing-extensions==4.16.0
#11 506.4  + typing-inspection==0.4.4
#11 506.4  + urllib3==2.8.0
#11 506.4  + uvicorn==0.54.0
#11 506.4  + xxhash==4.0.1
#11 506.4  + yarl==1.25.1
#11 DONE 506.6s

#12 [ 8/10] COPY configs ./configs
#12 DONE 0.4s

#13 [ 9/10] COPY prompts ./prompts
#13 DONE 0.0s

#14 [10/10] RUN useradd --uid 10001 --create-home triage
#14 DONE 0.2s

#15 exporting to image
#15 exporting layers
#15 exporting layers 195.4s done
#15 exporting manifest sha256:290d718fdc4e0302a0abd66c731b73b34067285150fee4cb8bc3f5b64643c47f 0.0s done
#15 exporting config sha256:8f595a440159ad07ec090904d811f1d40514edd1ab2fc317834d34fd0322f44d 0.0s done
#15 exporting attestation manifest sha256:b9b78a9d34e6fd4eed97f91aef063e1908c33adae5c459a58dec2fcb345b1983 0.0s done
#15 exporting manifest list sha256:031350c8fef591b8e2129056cb96a94e1bf5516a636a9c691fa69964bf9d7dbc 0.0s done
#15 naming to docker.io/library/triage-m5-gpu:82ed8d7 0.0s done
#15 unpacking to docker.io/library/triage-m5-gpu:82ed8d7
#15 unpacking to docker.io/library/triage-m5-gpu:82ed8d7 41.1s done
#15 DONE 236.7s
WARNING: current commit information was not captured by the build: failed to read current commit information with git rev-parse --is-inside-work-tree

View build details: docker-desktop://dashboard/build/desktop-linux/desktop-linux/s8kr0imfrsdnqzv4ol22t9egw
