#0 building with "desktop-linux" instance using docker driver

#1 [internal] load build definition from Dockerfile.cpu
#1 transferring dockerfile: 751B done
#1 DONE 0.0s

#2 [internal] load metadata for docker.io/library/python:3.11.16-slim@sha256:e41613d42d4891e4930f79523f93f81bbc7632584ec65e36ab055f41a800b41e
#2 ...

#3 [auth] library/python:pull token for registry-1.docker.io
#3 DONE 0.0s

#2 [internal] load metadata for docker.io/library/python:3.11.16-slim@sha256:e41613d42d4891e4930f79523f93f81bbc7632584ec65e36ab055f41a800b41e
#2 DONE 1.1s

#4 [internal] load .dockerignore
#4 transferring context: 159B 0.0s done
#4 DONE 0.0s

#5 [1/9] FROM docker.io/library/python:3.11.16-slim@sha256:e41613d42d4891e4930f79523f93f81bbc7632584ec65e36ab055f41a800b41e
#5 resolve docker.io/library/python:3.11.16-slim@sha256:e41613d42d4891e4930f79523f93f81bbc7632584ec65e36ab055f41a800b41e 0.0s done
#5 DONE 0.0s

#6 [internal] load build context
#6 transferring context: 2.56kB done
#6 DONE 0.0s

#7 [3/9] RUN pip install --no-cache-dir uv==0.12.19
#7 CACHED

#8 [4/9] COPY pyproject.toml uv.lock ./
#8 CACHED

#9 [2/9] WORKDIR /app
#9 CACHED

#10 [5/9] COPY src ./src
#10 CACHED

#11 [6/9] RUN uv sync --locked --no-dev --no-editable
#11 CACHED

#12 [8/9] COPY prompts ./prompts
#12 CACHED

#13 [7/9] COPY configs ./configs
#13 CACHED

#14 [9/9] RUN useradd --uid 10001 --create-home triage
#14 CACHED

#15 exporting to image
#15 exporting layers done
#15 exporting manifest sha256:d2da5248bf98e914266c856d94d2ef09bb454312d1a78d8887d99b5196bdbccf done
#15 exporting config sha256:3bc3ae93f9d3fcb52d1c3782805ea2793192f66908836110ce6a3a648463ff39 done
#15 exporting attestation manifest sha256:352b19d46f8e343b1ecda238e2647317c18e3ca4742cb621a3ae30fbe8bd8f8b 0.0s done
#15 exporting manifest list sha256:67bade5309e9dcbfa89c5830db493d1178767f7be4b10f1035abd439f9631d1b
#15 exporting manifest list sha256:67bade5309e9dcbfa89c5830db493d1178767f7be4b10f1035abd439f9631d1b 0.0s done
#15 naming to docker.io/library/triage-m5-cpu:82ed8d7 done
#15 unpacking to docker.io/library/triage-m5-cpu:82ed8d7 done
#15 DONE 0.1s
WARNING: current commit information was not captured by the build: failed to read current commit information with git rev-parse --is-inside-work-tree
